// Jest Snapshot v1, https://goo.gl/fbAQLP

exports[`Managers matches snapshot 1`] = `
<DocumentFragment>
  <div
    class="managers-component"
  >
    <div
      class="managers-content"
    >
      <label>
        Manager
      </label>
      <div
        class="autocomplete-component"
      >
        <input
          data-testid="input"
          placeholder="Choose Manager"
          value=""
        />
        <i
          class="arrow-down"
          data-testid="arrow"
        />
      </div>
      <h5>
        Selected manager in parent component: Not selected
      </h5>
    </div>
  </div>
</DocumentFragment>
`;
